// Jest Snapshot v1, https://goo.gl/fbAQLP

exports[`Navbar component should render the navbar 1`] = `
ShallowWrapper {
  "length": 1,
  Symbol(enzyme.__root__): [Circular],
  Symbol(enzyme.__unrendered__): <Unknown
    onNewNote={[Function]}
    onRemoveNote={[Function]}
/>,
  Symbol(enzyme.__renderer__): Object {
    "batchedUpdates": [Function],
    "getNode": [Function],
    "render": [Function],
    "simulateEvent": [Function],
    "unmount": [Function],
  },
  Symbol(enzyme.__node__): Object {
    "instance": null,
    "key": undefined,
    "nodeType": "host",
    "props": Object {
      "children": Array [
        <button
          id="new-note-button"
          onClick={[Function]}
>
          <i
                    className="fas fa-plus"
          />
</button>,
        <button
          id="remove-note-button"
          onClick={[Function]}
>
          <i
                    className="fas fa-trash-alt"
          />
</button>,
      ],
      "className": "my-navbar",
      "id": "add-remove-navbar",
    },
    "ref": null,
    "rendered": Array [
      Object {
        "instance": null,
        "key": undefined,
        "nodeType": "host",
        "props": Object {
          "children": <i
            className="fas fa-plus"
/>,
          "id": "new-note-button",
          "onClick": [Function],
        },
        "ref": null,
        "rendered": Object {
          "instance": null,
          "key": undefined,
          "nodeType": "host",
          "props": Object {
            "className": "fas fa-plus",
          },
          "ref": null,
          "rendered": null,
          "type": "i",
        },
        "type": "button",
      },
      Object {
        "instance": null,
        "key": undefined,
        "nodeType": "host",
        "props": Object {
          "children": <i
            className="fas fa-trash-alt"
/>,
          "id": "remove-note-button",
          "onClick": [Function],
        },
        "ref": null,
        "rendered": Object {
          "instance": null,
          "key": undefined,
          "nodeType": "host",
          "props": Object {
            "className": "fas fa-trash-alt",
          },
          "ref": null,
          "rendered": null,
          "type": "i",
        },
        "type": "button",
      },
    ],
    "type": "div",
  },
  Symbol(enzyme.__nodes__): Array [
    Object {
      "instance": null,
      "key": undefined,
      "nodeType": "host",
      "props": Object {
        "children": Array [
          <button
            id="new-note-button"
            onClick={[Function]}
>
            <i
                        className="fas fa-plus"
            />
</button>,
          <button
            id="remove-note-button"
            onClick={[Function]}
>
            <i
                        className="fas fa-trash-alt"
            />
</button>,
        ],
        "className": "my-navbar",
        "id": "add-remove-navbar",
      },
      "ref": null,
      "rendered": Array [
        Object {
          "instance": null,
          "key": undefined,
          "nodeType": "host",
          "props": Object {
            "children": <i
              className="fas fa-plus"
/>,
            "id": "new-note-button",
            "onClick": [Function],
          },
          "ref": null,
          "rendered": Object {
            "instance": null,
            "key": undefined,
            "nodeType": "host",
            "props": Object {
              "className": "fas fa-plus",
            },
            "ref": null,
            "rendered": null,
            "type": "i",
          },
          "type": "button",
        },
        Object {
          "instance": null,
          "key": undefined,
          "nodeType": "host",
          "props": Object {
            "children": <i
              className="fas fa-trash-alt"
/>,
            "id": "remove-note-button",
            "onClick": [Function],
          },
          "ref": null,
          "rendered": Object {
            "instance": null,
            "key": undefined,
            "nodeType": "host",
            "props": Object {
              "className": "fas fa-trash-alt",
            },
            "ref": null,
            "rendered": null,
            "type": "i",
          },
          "type": "button",
        },
      ],
      "type": "div",
    },
  ],
  Symbol(enzyme.__options__): Object {
    "adapter": ReactSixteenAdapter {
      "options": Object {
        "enableComponentDidUpdateOnSetState": true,
      },
    },
  },
}
`;
