// Jest Snapshot v1, https://goo.gl/fbAQLP

exports[`Right component should match the snapshot 1`] = `
ShallowWrapper {
  "length": 1,
  Symbol(enzyme.__root__): [Circular],
  Symbol(enzyme.__unrendered__): <Right
    notes={
        Object {
            "notes": Object {},
            "selected": 1,
          }
    }
/>,
  Symbol(enzyme.__renderer__): Object {
    "batchedUpdates": [Function],
    "getNode": [Function],
    "render": [Function],
    "simulateEvent": [Function],
    "unmount": [Function],
  },
  Symbol(enzyme.__node__): Object {
    "instance": null,
    "key": undefined,
    "nodeType": "host",
    "props": Object {
      "children": Array [
        <div
          className="my-navbar"
>
          <button
                    disabled={true}
                    id="note-saver"
                    onClick={[Function]}
          >
                    <i
                              className="fas fa-save"
                    />
          </button>
</div>,
        <input
          className="title-editor"
          id="title-input"
          onChange={[Function]}
          placeholder="Title"
          value=""
/>,
        <textarea
          className="editor"
          id="content-input"
          onChange={[Function]}
          placeholder="Type here..."
          value=""
/>,
      ],
      "className": undefined,
    },
    "ref": null,
    "rendered": Array [
      Object {
        "instance": null,
        "key": undefined,
        "nodeType": "host",
        "props": Object {
          "children": <button
            disabled={true}
            id="note-saver"
            onClick={[Function]}
>
            <i
                        className="fas fa-save"
            />
</button>,
          "className": "my-navbar",
        },
        "ref": null,
        "rendered": Object {
          "instance": null,
          "key": undefined,
          "nodeType": "host",
          "props": Object {
            "children": <i
              className="fas fa-save"
/>,
            "disabled": true,
            "id": "note-saver",
            "onClick": [Function],
          },
          "ref": null,
          "rendered": Object {
            "instance": null,
            "key": undefined,
            "nodeType": "host",
            "props": Object {
              "className": "fas fa-save",
            },
            "ref": null,
            "rendered": null,
            "type": "i",
          },
          "type": "button",
        },
        "type": "div",
      },
      Object {
        "instance": null,
        "key": undefined,
        "nodeType": "host",
        "props": Object {
          "className": "title-editor",
          "id": "title-input",
          "onChange": [Function],
          "placeholder": "Title",
          "value": "",
        },
        "ref": null,
        "rendered": null,
        "type": "input",
      },
      Object {
        "instance": null,
        "key": undefined,
        "nodeType": "host",
        "props": Object {
          "className": "editor",
          "id": "content-input",
          "onChange": [Function],
          "placeholder": "Type here...",
          "value": "",
        },
        "ref": null,
        "rendered": null,
        "type": "textarea",
      },
    ],
    "type": "div",
  },
  Symbol(enzyme.__nodes__): Array [
    Object {
      "instance": null,
      "key": undefined,
      "nodeType": "host",
      "props": Object {
        "children": Array [
          <div
            className="my-navbar"
>
            <button
                        disabled={true}
                        id="note-saver"
                        onClick={[Function]}
            >
                        <i
                                    className="fas fa-save"
                        />
            </button>
</div>,
          <input
            className="title-editor"
            id="title-input"
            onChange={[Function]}
            placeholder="Title"
            value=""
/>,
          <textarea
            className="editor"
            id="content-input"
            onChange={[Function]}
            placeholder="Type here..."
            value=""
/>,
        ],
        "className": undefined,
      },
      "ref": null,
      "rendered": Array [
        Object {
          "instance": null,
          "key": undefined,
          "nodeType": "host",
          "props": Object {
            "children": <button
              disabled={true}
              id="note-saver"
              onClick={[Function]}
>
              <i
                            className="fas fa-save"
              />
</button>,
            "className": "my-navbar",
          },
          "ref": null,
          "rendered": Object {
            "instance": null,
            "key": undefined,
            "nodeType": "host",
            "props": Object {
              "children": <i
                className="fas fa-save"
/>,
              "disabled": true,
              "id": "note-saver",
              "onClick": [Function],
            },
            "ref": null,
            "rendered": Object {
              "instance": null,
              "key": undefined,
              "nodeType": "host",
              "props": Object {
                "className": "fas fa-save",
              },
              "ref": null,
              "rendered": null,
              "type": "i",
            },
            "type": "button",
          },
          "type": "div",
        },
        Object {
          "instance": null,
          "key": undefined,
          "nodeType": "host",
          "props": Object {
            "className": "title-editor",
            "id": "title-input",
            "onChange": [Function],
            "placeholder": "Title",
            "value": "",
          },
          "ref": null,
          "rendered": null,
          "type": "input",
        },
        Object {
          "instance": null,
          "key": undefined,
          "nodeType": "host",
          "props": Object {
            "className": "editor",
            "id": "content-input",
            "onChange": [Function],
            "placeholder": "Type here...",
            "value": "",
          },
          "ref": null,
          "rendered": null,
          "type": "textarea",
        },
      ],
      "type": "div",
    },
  ],
  Symbol(enzyme.__options__): Object {
    "adapter": ReactSixteenAdapter {
      "options": Object {
        "enableComponentDidUpdateOnSetState": true,
      },
    },
  },
}
`;
